11:27:35 **** Incremental Build of configuration Debug for project TP1 ****
make -j7 all 
arm-none-eabi-gcc "../Core/Src/main.c" -mcpu=cortex-m4 -std=gnu11 -g3 -DDEBUG -DUSE_HAL_DRIVER -DSTM32F401xE -c -I../Core/Inc -I../Drivers/STM32F4xx_HAL_Driver/Inc -I../Drivers/STM32F4xx_HAL_Driver/Inc/Legacy -I../Drivers/CMSIS/Device/ST/STM32F4xx/Include -I../Drivers/CMSIS/Include -O0 -ffunction-sections -fdata-sections -Wall -fstack-usage -fcyclomatic-complexity -MMD -MP -MF"Core/Src/main.d" -MT"Core/Src/main.o" --specs=nano.specs -mfpu=fpv4-sp-d16 -mfloat-abi=hard -mthumb -o "Core/Src/main.o"
arm-none-eabi-gcc -o "TP1.elf" @"objects.list"   -mcpu=cortex-m4 -T"/Users/estanislaocrivosgandini/Desktop/Cursos de Posgrado/Especialización en Sistemas Embebidos CESE LSE UBA/Programación de Microprocesadores/TP1/TP1/STM32F401RETX_FLASH.ld" --specs=nosys.specs -Wl,-Map="TP1.map" -Wl,--gc-sections -static --specs=nano.specs -mfpu=fpv4-sp-d16 -mfloat-abi=hard -mthumb -Wl,--start-group -lc -lm -Wl,--end-group
Finished building target: TP1.elf
 
arm-none-eabi-size   TP1.elf 
arm-none-eabi-objdump -h -S  TP1.elf  > "TP1.list"
   text	   data	    bss	    dec	    hex	filename
   7872	     20	   1636	   9528	   2538	TP1.elf
Finished building: default.size.stdout
 
Finished building: TP1.list
 

11:27:36 Build Finished. 0 errors, 0 warnings. (took 845ms)

